// Jest Snapshot v1, https://goo.gl/fbAQLP

exports[`Header should render correctly 1`] = `
<DocumentFragment>
  <div
    class="header"
  >
    <h1>
      Eventify
    </h1>
  </div>
</DocumentFragment>
`;
